[justdoingit.ca/index.html]
[backblue.gif]
[fade.gif]
[index.html]
[justdoingit.ca/xmlrpc.php]
[justdoingit.ca/wp-content/uploads/2014/01/favicon.png]
[justdoingit.ca/wp-content/uploads/2014/01/72x721.png]
[justdoingit.ca/wp-content/uploads/2014/01/144x1441.png]
[justdoingit.ca/wp-content/plugins/add-to-home-screen-wp/add2home7868.css]
[justdoingit.ca/wp-content/plugins/wordpress-social-stream/css/dcwss7868.css]
[justdoingit.ca/wp-content/themes/tdminimal/css/bootstrap.min7868.css]
[justdoingit.ca/feed/index.html]
[justdoingit.ca/wp-content/themes/tdminimal/css/font-awesome-ie7.min7868.css]
[justdoingit.ca/wp-content/themes/tdminimal/css/font-awesome.min7868.css]
[justdoingit.ca/wp-content/themes/tdminimal/style7868.css]
[justdoingit.ca/wp-content/plugins/easy-fancybox/fancybox/jquery.fancybox-1.3.6.pack7976.css]
[justdoingit.ca/wp-content/plugins/add-to-home-screen-wp/add2home7868.js]
[justdoingit.ca/wp-includes/js/jquery/jquerya4e6.js]
[justdoingit.ca/wp-includes/js/jquery/jquery-migrate.min1576.js]
[justdoingit.ca/wp-content/plugins/wordpress-social-stream/js/jquery.social.stream.wall.1.37868.js]
[justdoingit.ca/wp-content/plugins/wordpress-social-stream/js/jquery.social.stream.1.5.4.min7868.js]
[justdoingit.ca/wp-content/themes/tdminimal/js/jquery.isotope.min9c39.js]
[justdoingit.ca/wp-content/themes/tdminimal/js/jquery.isotope.sloppy-masonry.min9c39.js]
[justdoingit.ca/wp-content/themes/tdminimal/js/jquery.bxslider.min9c39.js]
[justdoingit.ca/xmlrpc0db0.php]
[justdoingit.ca/wp-includes/wlwmanifest.xml]
[justdoingit.ca/wp-content/plugins/easy-columns/css/easy-columns.css]
[justdoingit.ca/wp-content/uploads/2014/05/justdoingit-w-slogan2.png]
[justdoingit.ca/wp-content/plugins/wordpress-social-stream/js/jquery.social.stream.wall.1.3.js]
[justdoingit.ca/about/index.html]
[justdoingit.ca/wp-content/plugins/wordpress-social-stream/js/jquery.social.stream.1.5.4.min.js]
[justdoingit.ca/wp-content/themes/tdminimal/js/navigation11a8.js]
[justdoingit.ca/whatcanidoforyou/index.html]
[justdoingit.ca/blog/index.html]
[justdoingit.ca/thegaragesale/index.html]
[justdoingit.ca/wp-content/themes/tdminimal/js/jquery.nicescroll.min9c39.js]
[justdoingit.ca/7days/index.html]
[justdoingit.ca/wp-content/themes/tdminimal/js/backstretch9c39.js]
[justdoingit.ca/wp-content/themes/tdminimal/js/jquery.easing9c39.js]
[justdoingit.ca/hungerweeek14/index.html]
[justdoingit.ca/wp-content/themes/tdminimal/js/jquery.fitvids9c39.js]
[justdoingit.ca/book-now/index.html]
[justdoingit.ca/wp-content/themes/tdminimal/js/tdminimal9c39.js]
[justdoingit.ca/wp-content/plugins/easy-fancybox/fancybox/jquery.fancybox-1.3.6.pack7976.js]
[justdoingit.ca/wp-content/plugins/easy-fancybox/jquery.easing.pack4e44.js]
[justdoingit.ca/index.html]
[justdoingit.ca/wp-content/plugins/easy-fancybox/jquery.mousewheel.pack583f.js]
[justdoingit.ca/comments/feed/index.html]
[justdoingit.ca/wp-content/plugins/add-to-home-screen-wp/add2home7868.css]
[justdoingit.ca/wp-content/plugins/wordpress-social-stream/images/noize.png]
[justdoingit.ca/wp-content/plugins/wordpress-social-stream/images/loading_dark.gif]
[justdoingit.ca/wp-content/plugins/wordpress-social-stream/images/profile.png]
[justdoingit.ca/wp-content/plugins/wordpress-social-stream/images/controls.png]
[justdoingit.ca/wp-content/plugins/wordpress-social-stream/images/controls1.png]
[justdoingit.ca/wp-content/plugins/wordpress-social-stream/images/tracks.png]
[justdoingit.ca/wp-content/plugins/wordpress-social-stream/images/loading_light.gif]
[justdoingit.ca/wp-content/plugins/wordpress-social-stream/images/share.png]
[justdoingit.ca/wp-content/plugins/wordpress-social-stream/images/shares.png]
[justdoingit.ca/wp-content/plugins/wordpress-social-stream/images/views.png]
[justdoingit.ca/wp-content/plugins/wordpress-social-stream/images/likes.png]
[justdoingit.ca/wp-content/plugins/wordpress-social-stream/images/comments.png]
[justdoingit.ca/wp-content/plugins/wordpress-social-stream/images/users.png]
[justdoingit.ca/wp-content/plugins/wordpress-social-stream/images/videos.png]
[justdoingit.ca/wp-content/plugins/wordpress-social-stream/css/dcwss7868.css]
[justdoingit.ca/wp-content/themes/tdminimal/css/bootstrap.min7868.css]
[justdoingit.ca/wp-content/themes/tdminimal/css/font-awesome-ie7.min7868.css]
[justdoingit.ca/wp-content/themes/tdminimal/fonts/fontawesome-webfont1fc6.eot]
[justdoingit.ca/wp-content/themes/tdminimal/fonts/fontawesome-webfontd41d.eot]
[justdoingit.ca/wp-content/themes/tdminimal/fonts/fontawesome-webfont1fc6.woff]
[justdoingit.ca/wp-content/themes/tdminimal/fonts/fontawesome-webfont1fc6.ttf]
[justdoingit.ca/wp-content/themes/tdminimal/fonts/fontawesome-webfont1fc6.svg]
[justdoingit.ca/wp-content/themes/tdminimal/css/font-awesome.min7868.css]
[justdoingit.ca/wp-content/themes/tdminimal/images/bx_loader.gif]
[justdoingit.ca/wp-content/themes/tdminimal/images/controls.png]
[justdoingit.ca/wp-content/themes/tdminimal/images/mail-bg.png]
[justdoingit.ca/wp-content/themes/tdminimal/style7868.css]
[justdoingit.ca/wp-content/plugins/easy-fancybox/fancybox/fancybox.png]
[justdoingit.ca/wp-content/plugins/easy-fancybox/fancybox/blank.gif]
[justdoingit.ca/wp-content/plugins/easy-fancybox/fancybox/fancybox-x.png]
[justdoingit.ca/wp-content/plugins/easy-fancybox/fancybox/fancybox-y.png]
[justdoingit.ca/wp-content/plugins/easy-fancybox/fancybox/fancy_title_over.png]
[justdoingit.ca/wp-content/plugins/easy-fancybox/fancybox/jquery.fancybox-1.3.6.pack7976.css]
[justdoingit.ca/wp-content/plugins/add-to-home-screen-wp/add2home7868.js]
[justdoingit.ca/wp-includes/js/jquery/jquerya4e6.js]
[justdoingit.ca/wp-includes/js/jquery/jquery-migrate.min1576.js]
[justdoingit.ca/wp-content/plugins/wordpress-social-stream/js/jquery.social.stream.wall.1.37868.js]
[platform.twitter.com/widgets.js]
[justdoingit.ca/wp-content/plugins/wordpress-social-stream/js/jquery.social.stream.1.5.4.min7868.js]
[justdoingit.ca/wp-content/themes/tdminimal/js/jquery.isotope.min9c39.js]
[justdoingit.ca/wp-content/themes/tdminimal/js/jquery.isotope.sloppy-masonry.min9c39.js]
[justdoingit.ca/wp-content/themes/tdminimal/js/jquery.bxslider.min9c39.js]
[justdoingit.ca/wp-content/uploads/2014/01/aliservicetoothers.png]
[justdoingit.ca/checkout/purchase-history/index.html]
[justdoingit.ca/wp-content/uploads/2014/01/128X128.png]
[justdoingit.ca/about/index.html]
[justdoingit.ca/index1e7e.html]
[justdoingit.ca/wp-content/uploads/2014/01/photo-19.jpg]
[justdoingit.ca/cart/index.html]
[justdoingit.ca/wp-content/uploads/2014/01/unnamed.jpg]
[justdoingit.ca/index04cd.html]
[justdoingit.ca/wp-content/uploads/2014/01/IMG_4078.jpg]
[justdoingit.ca/wp-content/uploads/2014/01/UW-WhatCanIDoForYou.jpg]
[justdoingit.ca/whatcanidoforyou/index.html]
[justdoingit.ca/wp-content/plugins/easy-columns/css/easy-columns.css]
[justdoingit.ca/wp-includes/js/mediaelement/mediaelementplayer.min80e2.css]
[justdoingit.ca/wp-includes/js/mediaelement/wp-mediaelement7868.css]
[justdoingit.ca/wp-content/themes/tdminimal/js/jquery.infinitescroll.min9c39.js]
[justdoingit.ca/wp-content/uploads/2014/05/1.jpg]
[justdoingit.ca/wp-content/uploads/2014/03/IMG_4137.jpg]
[justdoingit.ca/hungerweeklaunch/index.html]
[justdoingit.ca/wp-content/uploads/2014/03/quote1.png]
[justdoingit.ca/author/justdoingit/index.html]
[justdoingit.ca/wp-includes/js/mediaelement/mediaelement-and-player.min9066.js]
[justdoingit.ca/category/uncategorized/index.html]
[justdoingit.ca/blog/index.html]
[justdoingit.ca/newseries7days/index.html]
[justdoingit.ca/category/photos/index.html]
[justdoingit.ca/quote-2/index.html]
[justdoingit.ca/wp-content/uploads/2014/06/Header.png]
[justdoingit.ca/index905c.html]
[3.bp.blogspot.com/_riM0mxkXIsw/S9zIx9r5gDI/AAAAAAAAAEI/XyS68-xLXzc/s1600/Day14_street_of_garage_sale.jpg]
[justdoingit.ca/thegaragesale/index.html]
[justdoingit.ca/7days/index.html]
[justdoingit.ca/index269b.html]
[justdoingit.ca/indexb998.html]
[justdoingit.ca/wp-content/uploads/2014/05/11.jpg]
[justdoingit.ca/wp-content/uploads/2014/05/3.jpg]
[justdoingit.ca/wp-content/uploads/2014/05/2.jpg]
[justdoingit.ca/wp-content/uploads/2014/05/4.jpg]
[justdoingit.ca/wp-content/uploads/2014/05/5.jpg]
[justdoingit.ca/hungerweeek14/index.html]
[justdoingit.ca/wp-content/plugins/visual-form-builder/css/visual-form-builder.min8cb7.css]
[justdoingit.ca/wp-content/plugins/visual-form-builder/css/smoothness/jquery-ui-1.10.3.min5102.css]
[justdoingit.ca/wp-content/uploads/2014/03/Inspirational-Wallpapers-with-Quotes-for-Desktop16.jpg]
[justdoingit.ca/index1a26.html]
[justdoingit.ca/wp-content/plugins/visual-form-builder/js/jquery.validate.min8162.js]
[justdoingit.ca/book-now/index.html]
[justdoingit.ca/wp-content/plugins/visual-form-builder/js/i18n/validate/messages-en_US8162.js]
[justdoingit.ca/wp-content/plugins/wordpress-social-stream/js/jquery.social.stream.wall.1.3.js]
[justdoingit.ca/wp-content/plugins/wordpress-social-stream/js/jquery.social.stream.1.5.4.min.js]
[justdoingit.ca/wp-content/themes/tdminimal/js/navigation11a8.js]
[justdoingit.ca/wp-content/themes/tdminimal/js/skip-link-focus-fix08e0.js]
[justdoingit.ca/wp-content/themes/tdminimal/js/jquery.nicescroll.min9c39.js]
[justdoingit.ca/wp-content/themes/tdminimal/js/backstretch9c39.js]
[justdoingit.ca/wp-content/themes/tdminimal/js/jquery.easing9c39.js]
[justdoingit.ca/wp-content/themes/tdminimal/js/jquery.fitvids9c39.js]
[justdoingit.ca/wp-content/themes/tdminimal/js/tdminimal9c39.js]
[justdoingit.ca/wp-content/plugins/easy-fancybox/fancybox/jquery.fancybox-1.3.6.pack7976.js]
[justdoingit.ca/wp-content/plugins/easy-fancybox/jquery.easing.pack4e44.js]
[justdoingit.ca/wp-content/plugins/easy-fancybox/jquery.mousewheel.pack583f.js]
[justdoingit.ca/wp-content/themes/tdminimal/fonts/glyphicons-halflings-regular.html]
[justdoingit.ca/wp-content/themes/tdminimal/fonts/glyphicons-halflings-regulard41d.html]
[justdoingit.ca/wp-content/themes/tdminimal/fonts/glyphicons-halflings-regular-2.html]
[justdoingit.ca/wp-content/themes/tdminimal/fonts/glyphicons-halflings-regular-3.html]
[justdoingit.ca/wp-content/themes/tdminimal/fonts/glyphicons-halflings-regular-4.html]
[justdoingit.ca/wp-content/themes/tdminimal/fonts/fontawesome-webfont1fc6.svg]
[justdoingit.ca/checkout/purchase-history/index.html]
[justdoingit.ca/checkout/transaction-failed/index.html]
[justdoingit.ca/index1e7e.html]
[justdoingit.ca/indexdd23.html]
[justdoingit.ca/cart/index.html]
[justdoingit.ca/indexb6ad.html]
[justdoingit.ca/index04cd.html]
[justdoingit.ca/wp-includes/js/mediaelement/bigplay.svg]
[justdoingit.ca/wp-includes/js/mediaelement/bigplay.png]
[justdoingit.ca/wp-includes/js/mediaelement/background.png]
[justdoingit.ca/wp-includes/js/mediaelement/loading.gif]
[justdoingit.ca/wp-includes/js/mediaelement/controls.svg]
[justdoingit.ca/wp-includes/js/mediaelement/controls.png]
[justdoingit.ca/wp-includes/js/mediaelement/mediaelementplayer.min80e2.css]
[justdoingit.ca/wp-includes/js/mediaelement/wp-mediaelement7868.css]
[justdoingit.ca/wp-content/themes/tdminimal/js/jquery.infinitescroll.min9c39.js]
[apis.google.com/js/plusone.js]
[justdoingit.ca/hungerweeklaunch/feed/index.html]
[platform.linkedin.com/in.js]
[justdoingit.ca/indexb50d.html]
[assets.pinterest.com/js/pinit.js]
[justdoingit.ca/hungerweeklaunch/index.html]
[justdoingit.ca/author/justdoingit/index.html]
[justdoingit.ca/category/uncategorized/index.html]
[justdoingit.ca/tag/notwhoyouthink-hungerweek/index.html]
[justdoingit.ca/author/justdoingit/feed/index.html]
[justdoingit.ca/category/uncategorized/feed/index.html]
[justdoingit.ca/wp-includes/images/blank.gif]
[justdoingit.ca/tag/7days/index.html]
[justdoingit.ca/wp-includes/images/smilies/icon_smile.gif]
[justdoingit.ca/wp-includes/images/smilies/icon_wink.gif]
[justdoingit.ca/newseries7days/index.html]
[justdoingit.ca/category/photos/index.html]
[justdoingit.ca/quote-2/index.html]
[justdoingit.ca/quote-2/feed/index.html]
[justdoingit.ca/category/photos/feed/index.html]
[justdoingit.ca/category/quotes/index.html]
[justdoingit.ca/index0325.html]
[justdoingit.ca/wp-includes/js/mediaelement/mediaelement-and-player.min9066.js]
[justdoingit.ca/wp-includes/js/mediaelement/wp-mediaelement7868.js]
[justdoingit.ca/index905c.html]
[justdoingit.ca/index269b.html]
[justdoingit.ca/indexb998.html]
[justdoingit.ca/wp-content/plugins/visual-form-builder/css/visual-form-builder.min8cb7.css]
[justdoingit.ca/wp-content/plugins/visual-form-builder/css/smoothness/jquery-ui-1.10.3.min5102.css]
[justdoingit.ca/index1a26.html]
[justdoingit.ca/wp-content/plugins/visual-form-builder/js/jquery.validate.min8162.js]
[justdoingit.ca/wp-content/plugins/visual-form-builder/js/vfb-validation.min8cb7.js]
[justdoingit.ca/wp-content/plugins/visual-form-builder/js/jquery.metadatad5f7.js]
[justdoingit.ca/wp-content/plugins/visual-form-builder/js/i18n/validate/messages-en_US8162.js]
[justdoingit.ca/checkout/transaction-failed/index.html]
[justdoingit.ca/indexdd23.html]
[justdoingit.ca/indexb6ad.html]
[justdoingit.ca/wp-includes/js/mediaelement/bigplay.svg]
[justdoingit.ca/wp-includes/js/mediaelement/controls.svg]
[justdoingit.ca/indexb50d.html]
[justdoingit.ca/tag/notwhoyouthink-hungerweek/index.html]
[justdoingit.ca/index6c46.html]
[justdoingit.ca/tag/notwhoyouthink-hungerweek/feed/index.html]
[justdoingit.ca/indexe856.html]
[justdoingit.ca/newseries7days/feed/index.html]
[justdoingit.ca/indexe856.html]
[justdoingit.ca/tag/7days/index.html]
[justdoingit.ca/index0325.html]
[justdoingit.ca/category/quotes/index.html]
[justdoingit.ca/blog/mediaelement.min.html]
[justdoingit.ca/blog/mediaelement-and-player.html]
[justdoingit.ca/index6c46.html]
[justdoingit.ca/category/quotes/feed/index.html]
[justdoingit.ca/tag/7days/feed/index.html]
